// Jest Snapshot v1, https://goo.gl/fbAQLP

exports[`Post Tag should match the exact snapshot 1`] = `
<a
  className="post_tags__tag"
  href="/tags/test"
>
  test
</a>
`;
