// Jest Snapshot v1, https://goo.gl/fbAQLP

exports[`Post Tags expect to render one Tag for every tag 1`] = `
<aside
  className="post_tags"
>
  <Tag
    key="test_1"
    tag="test_1"
  />
  <Tag
    key="test_2"
    tag="test_2"
  />
</aside>
`;
